2026-01-01 08:00:12 INFO Server initialized on production cluster
2026-01-02 10:15:45 INFO Database connection established
2026-01-04 12:30:22 WARNING High latency detected in API gateway
2026-01-05 15:45:10 ERROR Failed to sync user data for ID: 1029
2026-01-07 09:20:33 INFO User login success - user_id: danii
2026-01-09 11:10:05 INFO Scheduled backup process started
2026-01-11 14:05:59 INFO File report_gen_v1.pdf uploaded successfully
2026-01-13 17:50:41 WARNING Memory usage is high (85%)
2026-01-15 08:12:18 ERROR Connection timeout while fetching /api/v1/auth
2026-01-16 22:33:44 INFO Cache cleared for service: products
2026-01-18 10:00:12 INFO New session created for mobile client
2026-01-20 13:45:21 INFO Application settings updated via admin panel
2026-01-22 16:11:05 WARNING Multiple failed login attempts for user: admin
2026-01-24 19:22:30 ERROR SSL certificate validation failed for dev-branch
2026-01-26 07:40:11 INFO Batch processing of 500 records completed
2026-01-28 11:55:03 INFO Heartbeat signal received from worker node #4
2026-01-30 14:30:55 INFO Database migration v2.4 applied successfully
2026-02-01 09:15:12 WARNING Slow query detected: SELECT * FROM audit_logs
2026-02-02 12:44:22 ERROR Failed to send email notification to user 445
2026-02-04 15:05:01 INFO User 303 changed password successfully
2026-02-06 08:22:34 INFO Webhook received from payment provider: status_ok
2026-02-08 10:10:45 INFO Search index rebuild started
2026-02-10 13:33:12 WARNING Disk space is low (9% remaining)
2026-02-12 16:55:00 ERROR Fatal error: Unexpected token in config.json
2026-02-13 18:20:18 INFO Worker thread #2 spawned for image processing
2026-02-15 09:12:59 INFO System health check: all services operational
2026-02-16 11:45:05 INFO New user registration: test_account_01
2026-02-18 14:30:11 WARNING Deprecated function 'initLegacy()' called
2026-02-20 07:11:44 ERROR Database deadlock detected during transaction
2026-02-21 10:55:22 INFO Profile update successful for user 882
2026-02-22 12:05:33 INFO Analytics data exported to AWS S3 bucket
2026-02-23 15:40:11 INFO WebSocket connection established: client_992
2026-02-24 17:15:01 WARNING Large payload detected: 15MB in POST request
2026-02-25 21:04:44 ERROR Resource not found: GET /images/missing_thumb.png
2026-02-26 08:12:12 INFO Scheduled maintenance task: cleanup_temp_files
2026-02-27 10:33:55 INFO Session refreshed for user 1029
2026-02-28 13:00:03 INFO Auto-scaling triggered: adding new instance
2026-03-01 00:05:22 ERROR CRITICAL: Out of memory in worker process
2026-03-01 04:15:11 WARNING Unusual traffic spike from region: US-EAST
2026-03-01 08:55:33 INFO Daily stats recalculation finished
2026-03-01 12:10:00 INFO Maintenance mode: ENABLED
2026-03-01 15:45:44 INFO Service 'Billing' patch applied
2026-03-02 09:22:05 ERROR Failed to fetch exchange rates from external API
2026-03-02 11:33:12 WARNING Rate limit exceeded for IP 10.0.4.22
2026-03-02 14:05:59 INFO Maintenance mode: DISABLED
2026-03-03 08:44:11 INFO User 505 logged out success
2026-03-03 10:15:00 INFO Export of 5000 rows to CSV started
2026-03-03 13:22:18 ERROR Authentication failure at /admin/login
2026-03-03 16:50:33 WARNING CPU temperature is high (82C)
2026-03-03 19:05:44 INFO All log buffers flushed to disk